// Jest Snapshot v1, https://goo.gl/fbAQLP

exports[`check connectivity test 1`] = `<checkConnectivity />`;
