// Jest Snapshot v1, https://goo.gl/fbAQLP

exports[`queryData render component 1`] = `<queryData />`;
