// Jest Snapshot v1, https://goo.gl/fbAQLP

exports[`OnBoarding Screen renders correctly 1`] = `
<View
  style={
    Object {
      "alignItems": "center",
      "backgroundColor": "#3743ab",
      "height": "100%",
      "justifyContent": "center",
    }
  }
>
  <Image
    resizeMode="contain"
    source={
      Object {
        "testUri": "../../../assests/images/Medstick_1.png",
      }
    }
    style={
      Object {
        "height": 400,
        "marginTop": 20,
        "width": 400,
      }
    }
  />
</View>
`;
