// Jest Snapshot v1, https://goo.gl/fbAQLP

exports[`Settings Screen renders correctly 1`] = `
<View
  style={
    Object {
      "backgroundColor": "white",
      "height": "100%",
    }
  }
>
  <RCTScrollView>
    <View>
      <View>
        <Text
          ellipsizeMode="tail"
          numberOfLines={1}
          style={
            Array [
              Object {
                "margin": 5,
              },
              Object {
                "color": "gray",
                "fontSize": 16,
              },
            ]
          }
        >
          Settings
        </Text>
        <View
          style={
            Object {
              "borderBottomWidth": 1,
              "borderColor": "white",
              "borderTopWidth": 1,
            }
          }
        >
          <View
            accessible={false}
            focusable={true}
            onClick={[Function]}
            onResponderGrant={[Function]}
            onResponderMove={[Function]}
            onResponderRelease={[Function]}
            onResponderTerminate={[Function]}
            onResponderTerminationRequest={[Function]}
            onStartShouldSetResponder={[Function]}
          >
            <View
              style={
                Array [
                  Object {
                    "flex": 1,
                    "flexDirection": "row",
                    "justifyContent": "center",
                  },
                  Object {
                    "backgroundColor": "white",
                  },
                ]
              }
            >
              <View
                style={
                  Array [
                    Object {
                      "flex": 1,
                      "flexDirection": "row",
                      "marginLeft": 15,
                    },
                    Object {
                      "borderWidth": 0,
                    },
                    Object {
                      "minHeight": 50,
                    },
                  ]
                }
              >
                <Text
                  style={
                    Array [
                      Object {
                        "color": "black",
                        "fontSize": 18,
                      },
                      Object {
                        "alignSelf": "center",
                        "flex": 1,
                      },
                    ]
                  }
                >
                  Notification settings
                </Text>
                <Image
                  source={
                    Object {
                      "testUri": "../../react-native-settings-list/img/icon-arrow-settings.png",
                    }
                  }
                  style={
                    Array [
                      Object {
                        "alignSelf": "center",
                        "marginRight": 15,
                      },
                      undefined,
                    ]
                  }
                />
              </View>
            </View>
          </View>
        </View>
      </View>
      <View>
        <Text
          ellipsizeMode="tail"
          numberOfLines={1}
          style={
            Array [
              Object {
                "margin": 5,
              },
              Object {
                "color": "gray",
                "fontSize": 16,
              },
            ]
          }
        >
          General
        </Text>
        <View
          style={
            Object {
              "borderBottomWidth": 1,
              "borderColor": "white",
              "borderTopWidth": 1,
            }
          }
        >
          <View
            accessible={false}
            focusable={true}
            onClick={[Function]}
            onResponderGrant={[Function]}
            onResponderMove={[Function]}
            onResponderRelease={[Function]}
            onResponderTerminate={[Function]}
            onResponderTerminationRequest={[Function]}
            onStartShouldSetResponder={[Function]}
          >
            <View
              style={
                Array [
                  Object {
                    "flex": 1,
                    "flexDirection": "row",
                    "justifyContent": "center",
                  },
                  Object {
                    "backgroundColor": "white",
                  },
                ]
              }
            >
              <View
                style={
                  Array [
                    Object {
                      "flex": 1,
                      "flexDirection": "row",
                      "marginLeft": 15,
                    },
                    Object {
                      "borderBottomWidth": 1,
                      "borderColor": "white",
                    },
                    Object {
                      "minHeight": 50,
                    },
                  ]
                }
              >
                <Text
                  style={
                    Array [
                      Object {
                        "color": "black",
                        "fontSize": 18,
                      },
                      Object {
                        "alignSelf": "center",
                        "flex": 1,
                      },
                    ]
                  }
                >
                  About Medstick
                </Text>
              </View>
            </View>
          </View>
          <View
            accessible={false}
            focusable={true}
            onClick={[Function]}
            onResponderGrant={[Function]}
            onResponderMove={[Function]}
            onResponderRelease={[Function]}
            onResponderTerminate={[Function]}
            onResponderTerminationRequest={[Function]}
            onStartShouldSetResponder={[Function]}
          >
            <View
              style={
                Array [
                  Object {
                    "flex": 1,
                    "flexDirection": "row",
                    "justifyContent": "center",
                  },
                  Object {
                    "backgroundColor": "white",
                  },
                ]
              }
            >
              <View
                style={
                  Array [
                    Object {
                      "flex": 1,
                      "flexDirection": "row",
                      "marginLeft": 15,
                    },
                    Object {
                      "borderWidth": 0,
                    },
                    Object {
                      "minHeight": 50,
                    },
                  ]
                }
              >
                <Text
                  style={
                    Array [
                      Object {
                        "color": "black",
                        "fontSize": 18,
                      },
                      Object {
                        "alignSelf": "center",
                        "flex": 1,
                      },
                    ]
                  }
                >
                  Share with friends and family
                </Text>
              </View>
            </View>
          </View>
        </View>
      </View>
    </View>
  </RCTScrollView>
</View>
`;
