// Jest Snapshot v1, https://goo.gl/fbAQLP

exports[`Click send image renders correctly 1`] = `
<View
  style={
    Object {
      "flex": 1,
    }
  }
>
  <RNCSafeAreaProvider
    onInsetsChange={[Function]}
    style={
      Array [
        Object {
          "flex": 1,
        },
        undefined,
      ]
    }
  >
    <View
      style={
        Array [
          Object {
            "backgroundColor": "rgb(242, 242, 242)",
            "flex": 1,
          },
          undefined,
        ]
      }
    >
      <RNSScreenContainer
        onLayout={[Function]}
        style={
          Object {
            "flex": 1,
          }
        }
      >
        <RNSScreen
          activityState={2}
          collapsable={false}
          forwardedRef={[Function]}
          pointerEvents="box-none"
          style={
            Object {
              "bottom": 0,
              "left": 0,
              "position": "absolute",
              "right": 0,
              "top": 0,
            }
          }
        >
          <View
            collapsable={false}
            style={
              Object {
                "opacity": 1,
              }
            }
          />
          <View
            accessibilityElementsHidden={false}
            closing={false}
            gestureVelocityImpact={0.3}
            importantForAccessibility="auto"
            onClose={[Function]}
            onGestureBegin={[Function]}
            onGestureCanceled={[Function]}
            onGestureEnd={[Function]}
            onOpen={[Function]}
            onTransition={[Function]}
            pointerEvents="box-none"
            style={
              Array [
                Object {
                  "display": "flex",
                  "overflow": undefined,
                },
                Object {
                  "bottom": 0,
                  "left": 0,
                  "position": "absolute",
                  "right": 0,
                  "top": 0,
                },
              ]
            }
            transitionSpec={
              Object {
                "close": Object {
                  "animation": "spring",
                  "config": Object {
                    "damping": 500,
                    "mass": 3,
                    "overshootClamping": true,
                    "restDisplacementThreshold": 10,
                    "restSpeedThreshold": 10,
                    "stiffness": 1000,
                  },
                },
                "open": Object {
                  "animation": "spring",
                  "config": Object {
                    "damping": 500,
                    "mass": 3,
                    "overshootClamping": true,
                    "restDisplacementThreshold": 10,
                    "restSpeedThreshold": 10,
                    "stiffness": 1000,
                  },
                },
              }
            }
          >
            <View
              collapsable={false}
              pointerEvents="box-none"
              style={
                Object {
                  "flex": 1,
                  "marginTop": 0,
                }
              }
            >
              <View
                collapsable={false}
                forwardedRef={[Function]}
                handlerTag={1}
                handlerType="PanGestureHandler"
                needsOffscreenAlphaCompositing={false}
                onGestureHandlerEvent={[Function]}
                onGestureHandlerStateChange={[Function]}
                style={
                  Object {
                    "flex": 1,
                    "transform": Array [
                      Object {
                        "translateX": 0,
                      },
                      Object {
                        "translateX": 0,
                      },
                    ],
                  }
                }
              >
                <View
                  style={
                    Array [
                      Object {
                        "flex": 1,
                        "overflow": "hidden",
                      },
                      Array [
                        Object {
                          "backgroundColor": "rgb(242, 242, 242)",
                        },
                        undefined,
                      ],
                    ]
                  }
                >
                  <View
                    style={
                      Object {
                        "flex": 1,
                        "flexDirection": "column-reverse",
                      }
                    }
                  >
                    <View
                      style={
                        Object {
                          "flex": 1,
                        }
                      }
                    >
                      <View
                        style={
                          Object {
                            "backgroundColor": "white",
                            "flex": 1,
                            "height": "100%",
                          }
                        }
                      >
                        <View
                          style={
                            Object {
                              "alignItems": "center",
                              "justifyContent": "center",
                            }
                          }
                        >
                          <Image
                            resizeMode="contain"
                            source={
                              Object {
                                "testUri": "../../../assests/images/nomeds.png",
                              }
                            }
                            style={
                              Object {
                                "width": 250,
                              }
                            }
                          />
                        </View>
                        <View
                          style={
                            Object {
                              "alignItems": "center",
                              "bottom": 10,
                              "position": "absolute",
                              "width": "100%",
                            }
                          }
                        >
                          <View
                            accessible={true}
                            collapsable={false}
                            focusable={true}
                            onClick={[Function]}
                            onResponderGrant={[Function]}
                            onResponderMove={[Function]}
                            onResponderRelease={[Function]}
                            onResponderTerminate={[Function]}
                            onResponderTerminationRequest={[Function]}
                            onStartShouldSetResponder={[Function]}
                            style={
                              Object {
                                "alignItems": "center",
                                "justifyContent": "center",
                                "opacity": 1,
                                "width": "100%",
                              }
                            }
                          >
                            <View
                              style={
                                Array [
                                  Object {
                                    "aspectRatio": 1,
                                  },
                                  undefined,
                                  Object {
                                    "alignItems": "center",
                                    "bottom": 3,
                                    "elevation": 8,
                                    "height": 80,
                                    "justifyContent": "center",
                                    "width": 80,
                                  },
                                ]
                              }
                            >
                              <View
                                autoPlay={true}
                                cacheComposition={true}
                                collapsable={false}
                                colorFilters={Array []}
                                enableMergePathsAndroidForKitKatAndAbove={false}
                                forwardedRef={[Function]}
                                loop={true}
                                onAnimationFinish={[Function]}
                                onLayout={[Function]}
                                progress={0}
                                resizeMode="contain"
                                sourceJson="{\\"v\\":\\"5.6.3\\",\\"fr\\":24,\\"ip\\":0,\\"op\\":96,\\"w\\":66,\\"h\\":66,\\"nm\\":\\"Group 29\\",\\"ddd\\":0,\\"assets\\":[],\\"layers\\":[{\\"ddd\\":0,\\"ind\\":1,\\"ty\\":4,\\"nm\\":\\"Shape Layer 4\\",\\"sr\\":1,\\"ks\\":{\\"o\\":{\\"a\\":0,\\"k\\":100,\\"ix\\":11},\\"r\\":{\\"a\\":0,\\"k\\":90,\\"ix\\":10},\\"p\\":{\\"a\\":0,\\"k\\":[33,33.125,0],\\"ix\\":2},\\"a\\":{\\"a\\":0,\\"k\\":[0,0,0],\\"ix\\":1},\\"s\\":{\\"a\\":0,\\"k\\":[100,100,100],\\"ix\\":6}},\\"ao\\":0,\\"shapes\\":[{\\"ty\\":\\"gr\\",\\"it\\":[{\\"ind\\":0,\\"ty\\":\\"sh\\",\\"ix\\":1,\\"ks\\":{\\"a\\":0,\\"k\\":{\\"i\\":[[0,0],[0,0]],\\"o\\":[[0,0],[0,0]],\\"v\\":[[0.375,-7],[0.375,7]],\\"c\\":false},\\"ix\\":2},\\"nm\\":\\"Path 1\\",\\"mn\\":\\"ADBE Vector Shape - Group\\",\\"hd\\":false},{\\"ty\\":\\"st\\",\\"c\\":{\\"a\\":0,\\"k\\":[1,1,1,1],\\"ix\\":3},\\"o\\":{\\"a\\":0,\\"k\\":100,\\"ix\\":4},\\"w\\":{\\"a\\":0,\\"k\\":3,\\"ix\\":5},\\"lc\\":2,\\"lj\\":2,\\"bm\\":0,\\"nm\\":\\"Stroke 1\\",\\"mn\\":\\"ADBE Vector Graphic - Stroke\\",\\"hd\\":false},{\\"ty\\":\\"fl\\",\\"c\\":{\\"a\\":0,\\"k\\":[0.01568627450980392,0.26666666666666666,0.5568627450980392,1],\\"ix\\":4},\\"o\\":{\\"a\\":0,\\"k\\":100,\\"ix\\":5},\\"r\\":1,\\"bm\\":0,\\"nm\\":\\"Fill 1\\",\\"mn\\":\\"ADBE Vector Graphic - Fill\\",\\"hd\\":false},{\\"ty\\":\\"tr\\",\\"p\\":{\\"a\\":0,\\"k\\":[0,0],\\"ix\\":2},\\"a\\":{\\"a\\":0,\\"k\\":[0,0],\\"ix\\":1},\\"s\\":{\\"a\\":0,\\"k\\":[100,100],\\"ix\\":3},\\"r\\":{\\"a\\":0,\\"k\\":0,\\"ix\\":6},\\"o\\":{\\"a\\":0,\\"k\\":100,\\"ix\\":7},\\"sk\\":{\\"a\\":0,\\"k\\":0,\\"ix\\":4},\\"sa\\":{\\"a\\":0,\\"k\\":0,\\"ix\\":5},\\"nm\\":\\"Transform\\"}],\\"nm\\":\\"Shape 1\\",\\"np\\":3,\\"cix\\":2,\\"bm\\":0,\\"ix\\":1,\\"mn\\":\\"ADBE Vector Group\\",\\"hd\\":false},{\\"ty\\":\\"gr\\",\\"it\\":[{\\"ind\\":0,\\"ty\\":\\"sh\\",\\"ix\\":1,\\"ks\\":{\\"a\\":0,\\"k\\":{\\"i\\":[[0,0],[0,0]],\\"o\\":[[0,0],[0,0]],\\"v\\":[[0.375,-7],[0.375,7]],\\"c\\":false},\\"ix\\":2},\\"nm\\":\\"Path 1\\",\\"mn\\":\\"ADBE Vector Shape - Group\\",\\"hd\\":false},{\\"ty\\":\\"tr\\",\\"p\\":{\\"a\\":0,\\"k\\":[0,0],\\"ix\\":2},\\"a\\":{\\"a\\":0,\\"k\\":[0,0],\\"ix\\":1},\\"s\\":{\\"a\\":0,\\"k\\":[100,100],\\"ix\\":3},\\"r\\":{\\"a\\":0,\\"k\\":0,\\"ix\\":6},\\"o\\":{\\"a\\":0,\\"k\\":100,\\"ix\\":7},\\"sk\\":{\\"a\\":0,\\"k\\":0,\\"ix\\":4},\\"sa\\":{\\"a\\":0,\\"k\\":0,\\"ix\\":5},\\"nm\\":\\"Transform\\"}],\\"nm\\":\\"Group 1\\",\\"np\\":1,\\"cix\\":2,\\"bm\\":0,\\"ix\\":2,\\"mn\\":\\"ADBE Vector Group\\",\\"hd\\":false}],\\"ip\\":0,\\"op\\":116,\\"st\\":0,\\"bm\\":0},{\\"ddd\\":0,\\"ind\\":2,\\"ty\\":4,\\"nm\\":\\"Shape Layer 3\\",\\"sr\\":1,\\"ks\\":{\\"o\\":{\\"a\\":0,\\"k\\":100,\\"ix\\":11},\\"r\\":{\\"a\\":0,\\"k\\":0,\\"ix\\":10},\\"p\\":{\\"a\\":0,\\"k\\":[32.5,33.125,0],\\"ix\\":2},\\"a\\":{\\"a\\":0,\\"k\\":[0,0,0],\\"ix\\":1},\\"s\\":{\\"a\\":0,\\"k\\":[100,100,100],\\"ix\\":6}},\\"ao\\":0,\\"shapes\\":[{\\"ty\\":\\"gr\\",\\"it\\":[{\\"ind\\":0,\\"ty\\":\\"sh\\",\\"ix\\":1,\\"ks\\":{\\"a\\":0,\\"k\\":{\\"i\\":[[0,0],[0,0]],\\"o\\":[[0,0],[0,0]],\\"v\\":[[0.375,-7],[0.375,7]],\\"c\\":false},\\"ix\\":2},\\"nm\\":\\"Path 1\\",\\"mn\\":\\"ADBE Vector Shape - Group\\",\\"hd\\":false},{\\"ty\\":\\"st\\",\\"c\\":{\\"a\\":0,\\"k\\":[1,1,1,1],\\"ix\\":3},\\"o\\":{\\"a\\":0,\\"k\\":100,\\"ix\\":4},\\"w\\":{\\"a\\":0,\\"k\\":3,\\"ix\\":5},\\"lc\\":2,\\"lj\\":2,\\"bm\\":0,\\"nm\\":\\"Stroke 1\\",\\"mn\\":\\"ADBE Vector Graphic - Stroke\\",\\"hd\\":false},{\\"ty\\":\\"fl\\",\\"c\\":{\\"a\\":0,\\"k\\":[0.01568627450980392,0.26666666666666666,0.5568627450980392,1],\\"ix\\":4},\\"o\\":{\\"a\\":0,\\"k\\":100,\\"ix\\":5},\\"r\\":1,\\"bm\\":0,\\"nm\\":\\"Fill 1\\",\\"mn\\":\\"ADBE Vector Graphic - Fill\\",\\"hd\\":false},{\\"ty\\":\\"tr\\",\\"p\\":{\\"a\\":0,\\"k\\":[0,0],\\"ix\\":2},\\"a\\":{\\"a\\":0,\\"k\\":[0,0],\\"ix\\":1},\\"s\\":{\\"a\\":0,\\"k\\":[100,100],\\"ix\\":3},\\"r\\":{\\"a\\":0,\\"k\\":0,\\"ix\\":6},\\"o\\":{\\"a\\":0,\\"k\\":100,\\"ix\\":7},\\"sk\\":{\\"a\\":0,\\"k\\":0,\\"ix\\":4},\\"sa\\":{\\"a\\":0,\\"k\\":0,\\"ix\\":5},\\"nm\\":\\"Transform\\"}],\\"nm\\":\\"Shape 1\\",\\"np\\":3,\\"cix\\":2,\\"bm\\":0,\\"ix\\":1,\\"mn\\":\\"ADBE Vector Group\\",\\"hd\\":false}],\\"ip\\":0,\\"op\\":116,\\"st\\":0,\\"bm\\":0},{\\"ddd\\":0,\\"ind\\":3,\\"ty\\":4,\\"nm\\":\\"Shape Layer 2\\",\\"sr\\":1,\\"ks\\":{\\"o\\":{\\"a\\":0,\\"k\\":100,\\"ix\\":11},\\"r\\":{\\"a\\":0,\\"k\\":0,\\"ix\\":10},\\"p\\":{\\"a\\":0,\\"k\\":[33,33,0],\\"ix\\":2},\\"a\\":{\\"a\\":0,\\"k\\":[0,0,0],\\"ix\\":1},\\"s\\":{\\"a\\":0,\\"k\\":[100,100,100],\\"ix\\":6}},\\"ao\\":0,\\"shapes\\":[],\\"ip\\":0,\\"op\\":116,\\"st\\":0,\\"bm\\":0},{\\"ddd\\":0,\\"ind\\":4,\\"ty\\":4,\\"nm\\":\\"Shape Layer 1\\",\\"sr\\":1,\\"ks\\":{\\"o\\":{\\"a\\":0,\\"k\\":100,\\"ix\\":11},\\"r\\":{\\"a\\":0,\\"k\\":0,\\"ix\\":10},\\"p\\":{\\"a\\":0,\\"k\\":[32.875,33,0],\\"ix\\":2},\\"a\\":{\\"a\\":0,\\"k\\":[0,0,0],\\"ix\\":1},\\"s\\":{\\"a\\":1,\\"k\\":[{\\"i\\":{\\"x\\":[0.833,0.833,0.833],\\"y\\":[1,1,1]},\\"o\\":{\\"x\\":[0.333,0.333,0.333],\\"y\\":[0,0,0]},\\"t\\":0,\\"s\\":[100,100,100]},{\\"i\\":{\\"x\\":[0.833,0.833,0.833],\\"y\\":[1,1,1]},\\"o\\":{\\"x\\":[0.167,0.167,0.167],\\"y\\":[0,0,0]},\\"t\\":24,\\"s\\":[110,110,100]},{\\"i\\":{\\"x\\":[0.833,0.833,0.833],\\"y\\":[1,1,1]},\\"o\\":{\\"x\\":[0.333,0.333,0.333],\\"y\\":[0,0,0]},\\"t\\":48,\\"s\\":[100,100,100]},{\\"i\\":{\\"x\\":[0.833,0.833,0.833],\\"y\\":[1,1,1]},\\"o\\":{\\"x\\":[0.167,0.167,0.167],\\"y\\":[0,0,0]},\\"t\\":72,\\"s\\":[110,110,100]},{\\"t\\":96,\\"s\\":[100,100,100]}],\\"ix\\":6}},\\"ao\\":0,\\"shapes\\":[{\\"ty\\":\\"gr\\",\\"it\\":[{\\"d\\":1,\\"ty\\":\\"el\\",\\"s\\":{\\"a\\":0,\\"k\\":[51.561,51.561],\\"ix\\":2},\\"p\\":{\\"a\\":0,\\"k\\":[0,0],\\"ix\\":3},\\"nm\\":\\"Ellipse Path 1\\",\\"mn\\":\\"ADBE Vector Shape - Ellipse\\",\\"hd\\":false},{\\"ty\\":\\"gf\\",\\"o\\":{\\"a\\":0,\\"k\\":100,\\"ix\\":10},\\"r\\":1,\\"bm\\":0,\\"g\\":{\\"p\\":3,\\"k\\":{\\"a\\":0,\\"k\\":[0,0.0196078431372549,0.25882352941176473,0.5411764705882353,0.5,0.0196078431372549,0.25882352941176473,0.5411764705882353,1,0.01568627450980392,0.27058823529411763,0.5647058823529412],\\"ix\\":9}},\\"s\\":{\\"a\\":0,\\"k\\":[3,-25],\\"ix\\":5},\\"e\\":{\\"a\\":0,\\"k\\":[4,24],\\"ix\\":6},\\"t\\":1,\\"nm\\":\\"Gradient Fill 1\\",\\"mn\\":\\"ADBE Vector Graphic - G-Fill\\",\\"hd\\":false},{\\"ty\\":\\"st\\",\\"c\\":{\\"a\\":0,\\"k\\":[0.023529411764705882,0.25882352941176473,0.5372549019607843,1],\\"ix\\":3},\\"o\\":{\\"a\\":0,\\"k\\":100,\\"ix\\":4},\\"w\\":{\\"a\\":0,\\"k\\":0,\\"ix\\":5},\\"lc\\":1,\\"lj\\":1,\\"ml\\":4,\\"bm\\":0,\\"nm\\":\\"Stroke 1\\",\\"mn\\":\\"ADBE Vector Graphic - Stroke\\",\\"hd\\":false},{\\"ty\\":\\"tr\\",\\"p\\":{\\"a\\":0,\\"k\\":[0,0],\\"ix\\":2},\\"a\\":{\\"a\\":0,\\"k\\":[0,0],\\"ix\\":1},\\"s\\":{\\"a\\":0,\\"k\\":[100,100],\\"ix\\":3},\\"r\\":{\\"a\\":0,\\"k\\":0,\\"ix\\":6},\\"o\\":{\\"a\\":0,\\"k\\":100,\\"ix\\":7},\\"sk\\":{\\"a\\":0,\\"k\\":0,\\"ix\\":4},\\"sa\\":{\\"a\\":0,\\"k\\":0,\\"ix\\":5},\\"nm\\":\\"Transform\\"}],\\"nm\\":\\"Ellipse 1\\",\\"np\\":3,\\"cix\\":2,\\"bm\\":0,\\"ix\\":1,\\"mn\\":\\"ADBE Vector Group\\",\\"hd\\":false}],\\"ip\\":0,\\"op\\":116,\\"st\\":0,\\"bm\\":0},{\\"ddd\\":0,\\"ind\\":5,\\"ty\\":4,\\"nm\\":\\"Shape Layer 5\\",\\"sr\\":1,\\"ks\\":{\\"o\\":{\\"a\\":1,\\"k\\":[{\\"i\\":{\\"x\\":[0.833],\\"y\\":[0.833]},\\"o\\":{\\"x\\":[0.167],\\"y\\":[0.167]},\\"t\\":41,\\"s\\":[100]},{\\"t\\":66,\\"s\\":[0]}],\\"ix\\":11},\\"r\\":{\\"a\\":0,\\"k\\":0,\\"ix\\":10},\\"p\\":{\\"a\\":0,\\"k\\":[32.875,33,0],\\"ix\\":2},\\"a\\":{\\"a\\":0,\\"k\\":[0,0,0],\\"ix\\":1},\\"s\\":{\\"a\\":1,\\"k\\":[{\\"i\\":{\\"x\\":[0.688,0.688,0.688],\\"y\\":[1,1,1]},\\"o\\":{\\"x\\":[0.35,0.35,0.35],\\"y\\":[0,0,0.332]},\\"t\\":41,\\"s\\":[84.484,84.484,100]},{\\"t\\":66,\\"s\\":[117.455,117.455,100]}],\\"ix\\":6}},\\"ao\\":0,\\"shapes\\":[{\\"ty\\":\\"gr\\",\\"it\\":[{\\"d\\":1,\\"ty\\":\\"el\\",\\"s\\":{\\"a\\":0,\\"k\\":[51.561,51.561],\\"ix\\":2},\\"p\\":{\\"a\\":0,\\"k\\":[0,0],\\"ix\\":3},\\"nm\\":\\"Ellipse Path 1\\",\\"mn\\":\\"ADBE Vector Shape - Ellipse\\",\\"hd\\":false},{\\"ty\\":\\"st\\",\\"c\\":{\\"a\\":0,\\"k\\":[0.0196078431372549,0.25882352941176473,0.5372549019607843,1],\\"ix\\":3},\\"o\\":{\\"a\\":0,\\"k\\":100,\\"ix\\":4},\\"w\\":{\\"a\\":0,\\"k\\":2,\\"ix\\":5},\\"lc\\":1,\\"lj\\":1,\\"ml\\":4,\\"bm\\":0,\\"nm\\":\\"Stroke 1\\",\\"mn\\":\\"ADBE Vector Graphic - Stroke\\",\\"hd\\":false},{\\"ty\\":\\"tr\\",\\"p\\":{\\"a\\":0,\\"k\\":[0,0],\\"ix\\":2},\\"a\\":{\\"a\\":0,\\"k\\":[0,0],\\"ix\\":1},\\"s\\":{\\"a\\":0,\\"k\\":[109.391,109.391],\\"ix\\":3},\\"r\\":{\\"a\\":0,\\"k\\":0,\\"ix\\":6},\\"o\\":{\\"a\\":0,\\"k\\":100,\\"ix\\":7},\\"sk\\":{\\"a\\":0,\\"k\\":0,\\"ix\\":4},\\"sa\\":{\\"a\\":0,\\"k\\":0,\\"ix\\":5},\\"nm\\":\\"Transform\\"}],\\"nm\\":\\"Ellipse 1\\",\\"np\\":2,\\"cix\\":2,\\"bm\\":0,\\"ix\\":1,\\"mn\\":\\"ADBE Vector Group\\",\\"hd\\":false}],\\"ip\\":0,\\"op\\":116,\\"st\\":0,\\"bm\\":0}],\\"markers\\":[]}"
                                speed={2}
                                style={
                                  Object {
                                    "alignItems": "center",
                                    "aspectRatio": 1,
                                    "bottom": 3,
                                    "elevation": 8,
                                    "height": 80,
                                    "justifyContent": "center",
                                    "width": 80,
                                  }
                                }
                                textFiltersAndroid={Array []}
                                textFiltersIOS={Array []}
                              />
                            </View>
                          </View>
                        </View>
                      </View>
                    </View>
                  </View>
                </View>
              </View>
            </View>
          </View>
        </RNSScreen>
      </RNSScreenContainer>
      <View
        collapsable={false}
        pointerEvents="box-none"
        style={
          Object {
            "height": 44,
            "left": 0,
            "position": "absolute",
            "right": 0,
            "top": 0,
            "zIndex": 1,
          }
        }
      />
    </View>
  </RNCSafeAreaProvider>
</View>
`;
