// Jest Snapshot v1, https://goo.gl/fbAQLP

exports[`Caretaker Request renders correctly 1`] = `<View />`;
