// Jest Snapshot v1, https://goo.gl/fbAQLP

exports[`Reminder Med test renders correctly 1`] = `<Fragment />`;
