// Jest Snapshot v1, https://goo.gl/fbAQLP

exports[`test syncmedhistory test the only function 1`] = `undefined`;
