// Jest Snapshot v1, https://goo.gl/fbAQLP

exports[`check connectivity test 1`] = `<checkConnectivity />`;

exports[`check connectivity test the only function 1`] = `undefined`;
