// Jest Snapshot v1, https://goo.gl/fbAQLP

exports[`Click send image renders correctly 1`] = `
<View
  style={
    Object {
      "backgroundColor": "white",
      "borderRadius": 20,
      "flex": 1,
      "height": "85%",
      "marginBottom": 80,
      "marginTop": 80,
      "width": "90%",
    }
  }
>
  <View
    style={
      Object {
        "alignItems": "flex-end",
        "paddingRight": 10,
        "paddingTop": 10,
      }
    }
  >
    <Text
      allowFontScaling={false}
      id="delete"
      selectable={false}
      style={
        Array [
          Object {
            "color": "#3743ab",
            "fontSize": 24,
          },
          undefined,
          Object {
            "fontFamily": "FontAwesome5Free-Solid",
            "fontStyle": "normal",
            "fontWeight": "normal",
          },
          Object {
            "fontWeight": "900",
          },
        ]
      }
    >
      ï‡¸
    </Text>
  </View>
  <View
    style={
      Object {
        "alignItems": "center",
        "padding": 12,
      }
    }
  >
    <Text
      style={
        Object {
          "color": "grey",
          "fontSize": 20,
          "fontWeight": "700",
        }
      }
      testID="dateText"
    >
      Date - 
    </Text>
  </View>
  <View
    style={
      Array [
        Object {
          "flex": 1,
        },
        Object {
          "color": "white",
          "flex": 1,
          "marginLeft": 10,
        },
      ]
    }
  >
    <RCTScrollView
      data={Array []}
      extraData={
        Object {
          "data": Array [],
          "width": 0,
          "x": 0,
        }
      }
      getItem={[Function]}
      getItemCount={[Function]}
      keyExtractor={[Function]}
      onContentSizeChange={[Function]}
      onLayout={[Function]}
      onMomentumScrollBegin={[Function]}
      onMomentumScrollEnd={[Function]}
      onScroll={[Function]}
      onScrollBeginDrag={[Function]}
      onScrollEndDrag={[Function]}
      removeClippedSubviews={false}
      renderItem={[Function]}
      scrollEventThrottle={50}
      stickyHeaderIndices={Array []}
      style={
        Array [
          Object {
            "flex": 1,
          },
          Object {
            "padding": 10,
          },
        ]
      }
      viewabilityConfigCallbackPairs={Array []}
    >
      <View />
    </RCTScrollView>
  </View>
</View>
`;
