// Jest Snapshot v1, https://goo.gl/fbAQLP

exports[`Click send image renders correctly 1`] = `
<RCTScrollView
  style={
    Object {
      "backgroundColor": "white",
      "height": "100%",
    }
  }
>
  <View>
    <View
      style={
        Object {
          "backgroundColor": "white",
          "height": "100%",
        }
      }
    >
      <View
        style={
          Object {
            "height": "100%",
            "marginBottom": 15,
            "padding": 7,
          }
        }
      >
        <RNGestureHandlerButton
          collapsable={false}
          exclusive={true}
          handlerTag={1}
          handlerType="NativeViewGestureHandler"
          onGestureEvent={[Function]}
          onGestureHandlerEvent={[Function]}
          onGestureHandlerStateChange={[Function]}
          onHandlerStateChange={[Function]}
          rippleColor={0}
          touchSoundDisabled={false}
        >
          <View
            accessible={true}
            collapsable={false}
            style={
              Object {
                "flexDirection": "row",
                "height": 100,
                "marginTop": 10,
                "opacity": 1,
              }
            }
          >
            <View
              style={
                Object {
                  "flexDirection": "column",
                  "width": "100%",
                }
              }
            >
              <Text
                style={
                  Object {
                    "fontSize": 15,
                    "fontWeight": "700",
                    "marginLeft": 8,
                  }
                }
                testID="startDateText"
              >
                Start Date
              </Text>
              <Text
                style={
                  Object {
                    "color": "black",
                    "fontSize": 15,
                    "marginBottom": 15,
                    "marginLeft": 8,
                  }
                }
              >
                2022-09-06
              </Text>
              <Text
                style={
                  Object {
                    "fontSize": 15,
                    "fontWeight": "700",
                    "marginLeft": 8,
                  }
                }
                testID="endDateText"
              >
                End Date
              </Text>
              <Text
                style={
                  Object {
                    "color": "black",
                    "fontSize": 15,
                    "marginBottom": 15,
                    "marginLeft": 8,
                  }
                }
              >
                2022-09-06
              </Text>
            </View>
            <Text
              allowFontScaling={false}
              selectable={false}
              style={
                Array [
                  Object {
                    "color": "",
                    "fontSize": 16,
                  },
                  Object {
                    "position": "absolute",
                    "right": 0,
                  },
                  Object {
                    "fontFamily": "FontAwesome",
                    "fontStyle": "normal",
                    "fontWeight": "normal",
                  },
                  Object {},
                ]
              }
            >
              ïƒ—
            </Text>
          </View>
        </RNGestureHandlerButton>
        <View
          style={
            Object {
              "borderBottomColor": "#bcbbc1",
              "borderBottomWidth": 0.5,
            }
          }
        />
        <Modal
          animationType="none"
          hardwareAccelerated={false}
          isVisible={false}
          onHide={[Function]}
          transparent={true}
          visible={false}
        />
        <Modal
          animationType="none"
          hardwareAccelerated={false}
          isVisible={false}
          onHide={[Function]}
          transparent={true}
          visible={false}
        />
        <Text
          style={
            Object {
              "fontSize": 15,
              "fontWeight": "700",
              "marginBottom": 2,
              "marginLeft": 8,
              "marginTop": 10,
            }
          }
          testID="titleText"
        >
          Add Title
        </Text>
        <View
          style={
            Object {
              "margin": 8,
              "marginBottom": 20,
              "marginTop": 16,
            }
          }
        >
          <View
            pointerEvents="none"
            style={
              Array [
                Object {
                  "bottom": 0,
                  "left": 0,
                  "position": "absolute",
                  "right": 0,
                  "top": 6,
                },
                Object {
                  "backgroundColor": "#f6f6f6",
                  "borderColor": "#3743ab",
                  "borderRadius": 4,
                  "borderWidth": 1,
                },
              ]
            }
            testID="text-input-outline"
          />
          <View>
            <View
              style={
                Array [
                  Object {
                    "paddingBottom": 0,
                  },
                  Object {
                    "minHeight": 64,
                    "paddingTop": 8,
                  },
                ]
              }
            >
              <View
                collapsable={false}
                pointerEvents="none"
                style={
                  Object {
                    "bottom": 0,
                    "left": 0,
                    "opacity": 1,
                    "position": "absolute",
                    "right": 0,
                    "top": 0,
                    "transform": Array [
                      Object {
                        "translateX": 0,
                      },
                    ],
                    "zIndex": 3,
                  }
                }
              >
                <View
                  collapsable={false}
                  pointerEvents="none"
                  style={
                    Object {
                      "backgroundColor": "#f6f6f6",
                      "bottom": 4,
                      "left": 10,
                      "maxHeight": 2,
                      "opacity": 0,
                      "position": "absolute",
                      "right": 0,
                      "top": 6,
                      "transform": Array [
                        Object {
                          "translateX": 0,
                        },
                      ],
                      "width": 12,
                    }
                  }
                />
                <Text
                  collapsable={false}
                  maxFontSizeMultiplier={1.5}
                  numberOfLines={1}
                  style={
                    Object {
                      "backgroundColor": "#f6f6f6",
                      "color": "transparent",
                      "fontFamily": "System",
                      "fontSize": 16,
                      "fontWeight": undefined,
                      "left": 18,
                      "maxWidth": -28,
                      "opacity": 0,
                      "paddingHorizontal": 0,
                      "position": "absolute",
                      "textAlign": "left",
                      "top": 37,
                      "transform": Array [
                        Object {
                          "translateX": 0,
                        },
                        Object {
                          "translateY": 0,
                        },
                        Object {
                          "scale": 1,
                        },
                        Object {
                          "scaleY": 1,
                        },
                      ],
                      "writingDirection": "ltr",
                    }
                  }
                >
                  Title
                </Text>
                <Text
                  collapsable={false}
                  maxFontSizeMultiplier={1.5}
                  numberOfLines={1}
                  onLayout={[Function]}
                  style={
                    Object {
                      "color": "#6200ee",
                      "fontFamily": "System",
                      "fontSize": 16,
                      "fontWeight": undefined,
                      "left": 0,
                      "opacity": 0,
                      "paddingHorizontal": 14,
                      "position": "absolute",
                      "textAlign": "left",
                      "top": 36,
                      "transform": Array [
                        Object {
                          "translateX": 0,
                        },
                        Object {
                          "translateY": 0,
                        },
                        Object {
                          "scale": 1,
                        },
                      ],
                      "writingDirection": "ltr",
                    }
                  }
                >
                  Title
                </Text>
                <Text
                  collapsable={false}
                  maxFontSizeMultiplier={1.5}
                  numberOfLines={1}
                  style={
                    Object {
                      "color": "rgba(0, 0, 0, 0.54)",
                      "fontFamily": "System",
                      "fontSize": 16,
                      "fontWeight": undefined,
                      "left": 0,
                      "opacity": 0,
                      "paddingHorizontal": 14,
                      "position": "absolute",
                      "textAlign": "left",
                      "top": 36,
                      "transform": Array [
                        Object {
                          "translateX": 0,
                        },
                        Object {
                          "translateY": 0,
                        },
                        Object {
                          "scale": 1,
                        },
                      ],
                      "writingDirection": "ltr",
                    }
                  }
                >
                  Title
                </Text>
              </View>
              <TextInput
                activeUnderlineColor="#3743ab"
                editable={true}
                maxFontSizeMultiplier={1.5}
                multiline={false}
                onBlur={[Function]}
                onChangeText={[Function]}
                onFocus={[Function]}
                placeholder=""
                placeholderTextColor="rgba(0, 0, 0, 0.54)"
                selectionColor="#3743ab"
                style={
                  Array [
                    Object {
                      "flexGrow": 1,
                      "margin": 0,
                      "paddingHorizontal": 14,
                      "zIndex": 1,
                    },
                    Object {
                      "height": 56,
                    },
                    Object {
                      "paddingBottom": 0,
                      "paddingTop": 0,
                    },
                    Object {
                      "color": "#000000",
                      "fontFamily": "System",
                      "fontSize": 16,
                      "fontWeight": undefined,
                      "textAlign": "left",
                      "textAlignVertical": "center",
                    },
                    false,
                    Array [
                      Object {},
                    ],
                  ]
                }
                testID="text-input-outlined"
                underlineColorAndroid="transparent"
                value=""
              />
            </View>
          </View>
        </View>
        <View
          style={
            Object {
              "borderBottomColor": "#bcbbc1",
              "borderBottomWidth": 0.5,
            }
          }
        />
        <View>
          <RNGestureHandlerButton
            collapsable={false}
            exclusive={true}
            handlerTag={2}
            handlerType="NativeViewGestureHandler"
            onGestureEvent={[Function]}
            onGestureHandlerEvent={[Function]}
            onGestureHandlerStateChange={[Function]}
            onHandlerStateChange={[Function]}
            rippleColor={0}
            touchSoundDisabled={false}
          >
            <View
              accessible={true}
              collapsable={false}
              style={
                Object {
                  "flexDirection": "row",
                  "height": 60,
                  "marginTop": 10,
                  "opacity": 1,
                }
              }
            >
              <View
                style={
                  Object {
                    "flexDirection": "column",
                    "width": "100%",
                  }
                }
              >
                <Text
                  style={
                    Object {
                      "fontSize": 15,
                      "fontWeight": "700",
                      "marginBottom": 5,
                      "marginLeft": 8,
                    }
                  }
                  testID="selectTimeText"
                >
                  Select Time
                </Text>
              </View>
              <Text
                allowFontScaling={false}
                selectable={false}
                style={
                  Array [
                    Object {
                      "color": "",
                      "fontSize": 16,
                    },
                    Object {
                      "position": "absolute",
                      "right": 0,
                    },
                    Object {
                      "fontFamily": "FontAwesome",
                      "fontStyle": "normal",
                      "fontWeight": "normal",
                    },
                    Object {},
                  ]
                }
              >
                ïƒ—
              </Text>
            </View>
          </RNGestureHandlerButton>
        </View>
        <View
          style={
            Object {
              "borderBottomColor": "#bcbbc1",
              "borderBottomWidth": 0.5,
            }
          }
        />
        <View
          style={
            Object {
              "padding": 10,
            }
          }
        >
          <RNGestureHandlerButton
            collapsable={false}
            exclusive={true}
            handlerTag={3}
            handlerType="NativeViewGestureHandler"
            onGestureEvent={[Function]}
            onGestureHandlerEvent={[Function]}
            onGestureHandlerStateChange={[Function]}
            onHandlerStateChange={[Function]}
            rippleColor={0}
            touchSoundDisabled={false}
          >
            <View
              accessible={true}
              collapsable={false}
              style={
                Object {
                  "opacity": 1,
                }
              }
            >
              <Text
                style={
                  Object {
                    "fontSize": 15,
                    "fontWeight": "700",
                  }
                }
              >
                Select Days
              </Text>
            </View>
          </RNGestureHandlerButton>
          <View
            accessible={true}
            focusable={true}
            onClick={[Function]}
            onResponderGrant={[Function]}
            onResponderMove={[Function]}
            onResponderRelease={[Function]}
            onResponderTerminate={[Function]}
            onResponderTerminationRequest={[Function]}
            onStartShouldSetResponder={[Function]}
            style={
              Object {
                "padding": 10,
              }
            }
          >
            <View
              style={
                Object {
                  "alignItems": "center",
                  "flexDirection": "row",
                }
              }
            >
              <Text
                style={
                  Array [
                    Object {
                      "flex": 1,
                    },
                    Object {},
                  ]
                }
              >
                Everyday
              </Text>
              <Image
                source={
                  Object {
                    "testUri": "../../react-native-check-box/img/ic_check_box_outline_blank.png",
                  }
                }
                style={
                  Object {
                    "tintColor": "#3743ab",
                  }
                }
              />
            </View>
          </View>
          <View
            accessible={true}
            focusable={true}
            onClick={[Function]}
            onResponderGrant={[Function]}
            onResponderMove={[Function]}
            onResponderRelease={[Function]}
            onResponderTerminate={[Function]}
            onResponderTerminationRequest={[Function]}
            onStartShouldSetResponder={[Function]}
            style={
              Object {
                "padding": 10,
              }
            }
          >
            <View
              style={
                Object {
                  "alignItems": "center",
                  "flexDirection": "row",
                }
              }
            >
              <Text
                style={
                  Array [
                    Object {
                      "flex": 1,
                    },
                    Object {},
                  ]
                }
              >
                Selected days
              </Text>
              <Image
                source={
                  Object {
                    "testUri": "../../react-native-check-box/img/ic_check_box_outline_blank.png",
                  }
                }
                style={
                  Object {
                    "tintColor": "#3743ab",
                  }
                }
              />
            </View>
          </View>
        </View>
        <View
          style={
            Object {
              "borderBottomColor": "#bcbbc1",
              "borderBottomWidth": 0.5,
            }
          }
        />
        <View
          style={
            Object {
              "marginLeft": 10,
              "marginRight": 10,
              "marginTop": 18,
            }
          }
        >
          <Text
            style={
              Object {
                "fontWeight": "700",
              }
            }
          >
            Duration : 0 days
          </Text>
          <View
            style={
              Object {
                "alignItems": "center",
              }
            }
          >
            <View>
              <View
                style={
                  Array [
                    Object {
                      "height": 50,
                      "justifyContent": "center",
                      "position": "relative",
                    },
                    undefined,
                  ]
                }
              >
                <View
                  style={
                    Array [
                      Object {
                        "flexDirection": "row",
                      },
                      Object {
                        "width": 320,
                      },
                    ]
                  }
                >
                  <View
                    style={
                      Array [
                        Object {
                          "backgroundColor": "#A7A7A7",
                          "borderRadius": 2,
                          "height": 2,
                        },
                        undefined,
                        Object {
                          "backgroundColor": "#095FFF",
                        },
                        Object {
                          "width": 0,
                        },
                      ]
                    }
                  />
                  <View
                    style={
                      Array [
                        Object {
                          "backgroundColor": "#A7A7A7",
                          "borderRadius": 2,
                          "height": 2,
                        },
                        undefined,
                        undefined,
                        Object {
                          "width": 320,
                        },
                      ]
                    }
                  />
                  <View
                    style={
                      Array [
                        Object {
                          "alignItems": "center",
                          "backgroundColor": "transparent",
                          "height": 48,
                          "justifyContent": "center",
                          "position": "absolute",
                          "width": 48,
                        },
                        Object {
                          "left": -24,
                          "top": -24,
                        },
                        undefined,
                        false,
                      ]
                    }
                  >
                    <View
                      onMoveShouldSetResponder={[Function]}
                      onMoveShouldSetResponderCapture={[Function]}
                      onResponderEnd={[Function]}
                      onResponderGrant={[Function]}
                      onResponderMove={[Function]}
                      onResponderReject={[Function]}
                      onResponderRelease={[Function]}
                      onResponderStart={[Function]}
                      onResponderTerminate={[Function]}
                      onResponderTerminationRequest={[Function]}
                      onStartShouldSetResponder={[Function]}
                      onStartShouldSetResponderCapture={[Function]}
                      style={
                        Array [
                          Object {
                            "alignItems": "center",
                            "alignSelf": "stretch",
                            "backgroundColor": "transparent",
                            "justifyContent": "center",
                          },
                          Object {
                            "borderRadius": 15,
                          },
                        ]
                      }
                    >
                      <Text
                        allowFontScaling={false}
                        selectable={false}
                        style={
                          Array [
                            Object {
                              "color": "#3743ab",
                              "fontSize": 16,
                            },
                            undefined,
                            Object {
                              "fontFamily": "FontAwesome",
                              "fontStyle": "normal",
                              "fontWeight": "normal",
                            },
                            Object {},
                          ]
                        }
                      >
                        ï„‘
                      </Text>
                    </View>
                  </View>
                </View>
              </View>
            </View>
          </View>
        </View>
        <View
          style={
            Array [
              Object {
                "borderRadius": 3,
                "overflow": "hidden",
              },
              Object {
                "borderRadius": 3,
              },
              Object {
                "alignItems": "center",
                "marginTop": 35,
                "width": "100%",
              },
              false,
            ]
          }
        >
          <View
            accessibilityRole="button"
            accessibilityState={
              Object {
                "busy": false,
                "disabled": false,
              }
            }
            accessible={true}
            collapsable={false}
            focusable={true}
            onClick={[Function]}
            onResponderGrant={[Function]}
            onResponderMove={[Function]}
            onResponderRelease={[Function]}
            onResponderTerminate={[Function]}
            onResponderTerminationRequest={[Function]}
            onStartShouldSetResponder={[Function]}
            style={
              Object {
                "opacity": 1,
              }
            }
          >
            <View
              style={
                Object {
                  "alignItems": "center",
                  "backgroundColor": "#3743ab",
                  "borderColor": "#2089dc",
                  "borderRadius": 3,
                  "borderWidth": 0,
                  "flexDirection": "row",
                  "justifyContent": "center",
                  "padding": 8,
                  "width": "50%",
                }
              }
            >
              <Text
                style={
                  Object {
                    "color": "white",
                    "fontSize": 18,
                    "paddingVertical": 1,
                    "textAlign": "center",
                  }
                }
              >
                Save reminder
              </Text>
            </View>
          </View>
        </View>
      </View>
    </View>
  </View>
</RCTScrollView>
`;
