// Jest Snapshot v1, https://goo.gl/fbAQLP

exports[`test adherence per test category 1`] = `<Component />`;
