// Jest Snapshot v1, https://goo.gl/fbAQLP

exports[`Search Caretaker renders correctly 1`] = `<Component />`;
