// Jest Snapshot v1, https://goo.gl/fbAQLP

exports[`test collector category test category 1`] = `<Component />`;
